
  .   ____          _            __ _ _
 /\\ / ___'_ __ _ _(_)_ __  __ _ \ \ \ \
( ( )\___ | '_ | '_| | '_ \/ _` | \ \ \ \
 \\/  ___)| |_)| | | | | || (_| |  ) ) ) )
  '  |____| .__|_| |_|_| |_\__, | / / / /
 =========|_|==============|___/=/_/_/_/

 :: Spring Boot ::                (v3.5.7)

2026-09-29T16:55:30.800-03:00  INFO 34368 --- [iceibank-agency-0] [           main] aula.iceibank.IceiBankApplication        : Starting IceiBankApplication v0.0.1-SNAPSHOT using Java 25.0.1 with PID 34368 (C:\trabalho\ICEIBank\ICEIBank-Completo\iceibank-project\codigo\target\iceibank-0.0.1-SNAPSHOT.jar started by KABUM in C:\trabalho\ICEIBank\ICEIBank-Completo\iceibank-project\codigo)
2026-09-29T16:55:30.802-03:00  INFO 34368 --- [iceibank-agency-0] [           main] aula.iceibank.IceiBankApplication        : No active profile set, falling back to 1 default profile: "default"
2026-09-29T16:55:31.245-03:00  INFO 34368 --- [iceibank-agency-0] [           main] .s.d.r.c.RepositoryConfigurationDelegate : Bootstrapping Spring Data JPA repositories in DEFAULT mode.
2026-09-29T16:55:31.280-03:00  INFO 34368 --- [iceibank-agency-0] [           main] .s.d.r.c.RepositoryConfigurationDelegate : Finished Spring Data repository scanning in 29 ms. Found 5 JPA repository interfaces.
2026-09-29T16:55:31.674-03:00  INFO 34368 --- [iceibank-agency-0] [           main] o.s.b.w.embedded.tomcat.TomcatWebServer  : Tomcat initialized with port 18080 (http)
2026-09-29T16:55:31.684-03:00  INFO 34368 --- [iceibank-agency-0] [           main] o.apache.catalina.core.StandardService   : Starting service [Tomcat]
2026-09-29T16:55:31.684-03:00  INFO 34368 --- [iceibank-agency-0] [           main] o.apache.catalina.core.StandardEngine    : Starting Servlet engine: [Apache Tomcat/10.1.48]
2026-09-29T16:55:31.709-03:00  INFO 34368 --- [iceibank-agency-0] [           main] o.a.c.c.C.[Tomcat].[localhost].[/]       : Initializing Spring embedded WebApplicationContext
2026-09-29T16:55:31.709-03:00  INFO 34368 --- [iceibank-agency-0] [           main] w.s.c.ServletWebServerApplicationContext : Root WebApplicationContext: initialization completed in 879 ms
2026-09-29T16:55:31.796-03:00  INFO 34368 --- [iceibank-agency-0] [           main] o.hibernate.jpa.internal.util.LogHelper  : HHH000204: Processing PersistenceUnitInfo [name: default]
2026-09-29T16:55:31.822-03:00  INFO 34368 --- [iceibank-agency-0] [           main] org.hibernate.Version                    : HHH000412: Hibernate ORM core version 6.6.33.Final
2026-09-29T16:55:31.851-03:00  INFO 34368 --- [iceibank-agency-0] [           main] o.h.c.internal.RegionFactoryInitiator    : HHH000026: Second-level cache disabled
2026-09-29T16:55:32.032-03:00  INFO 34368 --- [iceibank-agency-0] [           main] o.s.o.j.p.SpringPersistenceUnitInfo      : No LoadTimeWeaver setup: ignoring JPA class transformer
2026-09-29T16:55:32.052-03:00  INFO 34368 --- [iceibank-agency-0] [           main] com.zaxxer.hikari.HikariDataSource       : HikariPool-1 - Starting...
2026-09-29T16:55:32.176-03:00  INFO 34368 --- [iceibank-agency-0] [           main] com.zaxxer.hikari.pool.HikariPool        : HikariPool-1 - Added connection conn0: url=jdbc:h2:file:C:\trabalho\ICEIBank\ICEIBank-Completo\iceibank-project\codigo\target\sprint2-20260929-165530/bank-0 user=SA
2026-09-29T16:55:32.177-03:00  INFO 34368 --- [iceibank-agency-0] [           main] com.zaxxer.hikari.HikariDataSource       : HikariPool-1 - Start completed.
2026-09-29T16:55:32.203-03:00  INFO 34368 --- [iceibank-agency-0] [           main] org.hibernate.orm.connections.pooling    : HHH10001005: Database info:
	Database JDBC URL [Connecting through datasource 'HikariDataSource (HikariPool-1)']
	Database driver: undefined/unknown
	Database version: 2.3.232
	Autocommit mode: undefined/unknown
	Isolation level: undefined/unknown
	Minimum pool size: undefined/unknown
	Maximum pool size: undefined/unknown
2026-09-29T16:55:32.645-03:00  INFO 34368 --- [iceibank-agency-0] [           main] o.h.e.t.j.p.i.JtaPlatformInitiator       : HHH000489: No JTA platform available (set 'hibernate.transaction.jta.platform' to enable JTA platform integration)
2026-09-29T16:55:32.698-03:00  INFO 34368 --- [iceibank-agency-0] [           main] j.LocalContainerEntityManagerFactoryBean : Initialized JPA EntityManagerFactory for persistence unit 'default'
2026-09-29T16:55:32.991-03:00  INFO 34368 --- [iceibank-agency-0] [           main] r$InitializeUserDetailsManagerConfigurer : Global AuthenticationManager configured with UserDetailsService bean with name databaseUserDetailsService
2026-09-29T16:55:33.234-03:00  INFO 34368 --- [iceibank-agency-0] [           main] o.s.b.a.w.s.WelcomePageHandlerMapping    : Adding welcome page: class path resource [static/index.html]
2026-09-29T16:55:33.401-03:00  WARN 34368 --- [iceibank-agency-0] [           main] o.s.r.backoff.ExponentialBackOffPolicy   : Multiplier must be > 1.0 for effective exponential backoff, but was 1.0
2026-09-29T16:55:33.417-03:00  INFO 34368 --- [iceibank-agency-0] [           main] o.s.b.a.h2.H2ConsoleAutoConfiguration    : H2 console available at '/h2-console'. Database available at 'jdbc:h2:file:C:\trabalho\ICEIBank\ICEIBank-Completo\iceibank-project\codigo\target\sprint2-20260929-165530/bank-0'
2026-09-29T16:55:33.501-03:00  INFO 34368 --- [iceibank-agency-0] [           main] o.s.b.w.embedded.tomcat.TomcatWebServer  : Tomcat started on port 18080 (http) with context path '/'
2026-09-29T16:55:33.504-03:00  INFO 34368 --- [iceibank-agency-0] [           main] o.s.a.r.c.CachingConnectionFactory       : Attempting to connect to: localhost:5673
2026-09-29T16:55:33.535-03:00  INFO 34368 --- [iceibank-agency-0] [           main] o.s.a.r.c.CachingConnectionFactory       : Created new connection: rabbitConnectionFactory#37fc7e3c:0/SimpleConnection@1902ad0f [delegate=amqp://guest@127.0.0.1:5673/, localPort=57310]
2026-09-29T16:55:33.618-03:00  INFO 34368 --- [iceibank-agency-0] [           main] aula.iceibank.IceiBankApplication        : Started IceiBankApplication in 3.051 seconds (process running for 3.306)
2026-09-29T16:55:33.890-03:00  INFO 34368 --- [iceibank-agency-0] [io-18080-exec-1] o.a.c.c.C.[Tomcat].[localhost].[/]       : Initializing Spring DispatcherServlet 'dispatcherServlet'
2026-09-29T16:55:33.890-03:00  INFO 34368 --- [iceibank-agency-0] [io-18080-exec-1] o.s.web.servlet.DispatcherServlet        : Initializing Servlet 'dispatcherServlet'
2026-09-29T16:55:33.891-03:00  INFO 34368 --- [iceibank-agency-0] [io-18080-exec-1] o.s.web.servlet.DispatcherServlet        : Completed initialization in 1 ms
2026-09-29T16:55:41.893-03:00  INFO 34368 --- [iceibank-agency-0] [io-18080-exec-5] aula.iceibank.service.EventLogService    : [Vetor [1, 0, 0]] DEPOSIT Deposit completed, account=3
2026-09-29T16:55:41.990-03:00  INFO 34368 --- [iceibank-agency-0] [io-18080-exec-7] aula.iceibank.service.EventLogService    : [Vetor [2, 0, 0]] REMOTE_TRANSFER_DEBIT Debit account=3, amount=25
2026-09-29T16:55:42.008-03:00  INFO 34368 --- [iceibank-agency-0] [io-18080-exec-7] aula.iceibank.service.EventLogService    : [Vetor [3, 0, 0]] REMOTE_TRANSFER_SENT Published transfer 55cf1a05-028f-4cbd-8eda-e7e0d7d9add5 to agency 1
2026-09-29T16:55:42.692-03:00  INFO 34368 --- [iceibank-agency-0] [io-18080-exec-9] aula.iceibank.service.EventLogService    : [Vetor [4, 0, 0]] REMOTE_TRANSFER_DEBIT Debit account=3, amount=30
2026-09-29T16:55:42.701-03:00  INFO 34368 --- [iceibank-agency-0] [io-18080-exec-9] aula.iceibank.service.EventLogService    : [Vetor [5, 0, 0]] REMOTE_TRANSFER_SENT Published transfer dfc81ba5-7896-4a1f-8ba2-200ad0284197 to agency 1
2026-09-29T16:55:46.598-03:00  INFO 34368 --- [iceibank-agency-0] [io-18080-exec-1] aula.iceibank.service.EventLogService    : [Vetor [6, 0, 0]] REMOTE_TRANSFER_DEBIT Debit account=3, amount=5
2026-09-29T16:55:46.609-03:00  INFO 34368 --- [iceibank-agency-0] [io-18080-exec-1] aula.iceibank.service.EventLogService    : [Vetor [7, 0, 0]] REMOTE_TRANSFER_SENT Published transfer 0828a5b7-03d1-4f1b-a62d-fc2422d29eb7 to agency 1
